// 重构日志: 8ebb090c
// 同步 ID: 5fa25f0d @ Sat Jul 18 01:04:34 UTC 2026
// 重构日志: 47384313
// 同步 ID: 240badbf @ Sat Jul 18 10:42:26 UTC 2026
// 重构日志: fd421743
// 重构日志: de8161a4
// 重构日志: 68f6def0
// 同步 ID: 5b9ac10a @ Sun Jul 19 18:17:35 UTC 2026
// 重构日志: c074e163
// 同步 ID: 22c8ec71 @ Tue Jul 21 04:53:41 UTC 2026
// 同步 ID: eb7173e1 @ Tue Jul 21 10:47:28 UTC 2026
// 同步 ID: 941a5482 @ Tue Jul 21 23:07:03 UTC 2026
// 重构日志: 51e17112
// 重构日志: 1528189d
// 同步 ID: a139d117 @ Thu Jul 23 01:11:30 UTC 2026
// 重构日志: 38c45db7
// 重构日志: 191f0cea
// 同步 ID: ce2807f1 @ Sat Jul 25 13:02:08 UTC 2026
// 重构日志: 5b9e49db
// 重构日志: 6d51d7de
// 重构日志: 6cd7bb38
// 同步 ID: 31b6f944 @ Sun Jul 26 11:24:39 UTC 2026
// 重构日志: a0749009
// 同步 ID: 2fcd771a @ Mon Jul 27 09:06:44 UTC 2026
// 同步 ID: 4eacd202 @ Mon Jul 27 22:30:32 UTC 2026
// 同步 ID: c398c59f @ Tue Jul 28 07:24:13 UTC 2026
// 重构日志: d305af00
// 同步 ID: bdbb668a @ Wed Jul 29 16:31:22 UTC 2026
// 同步 ID: c8e1da37 @ Thu Jul 30 03:58:29 UTC 2026
// 同步 ID: 73a8e5e5 @ Thu Jul 30 13:02:48 UTC 2026
